// Jest Snapshot v1, https://goo.gl/fbAQLP

exports[`Event Snapshot events 1`] = `[Function]`;
