// Jest Snapshot v1, https://goo.gl/fbAQLP

exports[`Index Snapshot index 1`] = `[Function]`;
