// Jest Snapshot v1, https://goo.gl/fbAQLP

exports[`Event Snapshot jobs 1`] = `[Function]`;
