// Jest Snapshot v1, https://goo.gl/fbAQLP

exports[`Event Snapshot renders 1`] = `ShallowWrapper {}`;
