// Jest Snapshot v1, https://goo.gl/fbAQLP

exports[`Jobs Snapshot renders 1`] = `ShallowWrapper {}`;
