// Jest Snapshot v1, https://goo.gl/fbAQLP

exports[`MediaCard Test Should render with snapshot 1`] = `ShallowWrapper {}`;
